
> client@0.0.0 test
> jest --coverage --passWithNoTests

node.exe : ΓùÅ Validation Error:
At line:1 char:1
+ & "C:\Program Files\nodejs/node.exe" "C:\Program Files\nodejs/node_mo ...
+ ~~~~~~~~~~~~~~~~~~~~~~~~~~~~~~~~~~~~~~~~~~~~~~~~~~~~~~~~~~~~~~~~~~~~~
    + CategoryInfo          : NotSpecified: (ΓùÅ Validation Error::String) [], RemoteException
    + FullyQualifiedErrorId : NativeCommandError
 

  Test environment jest-environment-jsdom cannot be found. Make sure the testEnvironment configuration option points to an 
existing node module.

  Configuration Documentation:
  https://jestjs.io/docs/configuration


As of Jest 28 "jest-environment-jsdom" is no longer shipped by default, make sure to install it separately.
